[     181ms] [INFO] %cDownload the React DevTools for a better development experience: https://react.dev/link/react-devtools font-weight:bold @ http://localhost:3099/_next/static/chunks/node_modules_next_dist_617d3e51._.js:1053
[     211ms] [LOG] [HMR] connected @ http://localhost:3099/_next/static/chunks/node_modules_next_dist_617d3e51._.js:1053
[     273ms] [ERROR] Failed to load resource: the server responded with a status of 401 (Unauthorized) @ http://localhost:3099/api/auth/me:0
[   17192ms] [LOG] [Fast Refresh] rebuilding @ http://localhost:3099/_next/static/chunks/node_modules_next_dist_617d3e51._.js:1053
[   17243ms] [LOG] [Fast Refresh] done in 151ms @ http://localhost:3099/_next/static/chunks/node_modules_next_dist_617d3e51._.js:1053
[   56525ms] [INFO] %cDownload the React DevTools for a better development experience: https://react.dev/link/react-devtools font-weight:bold @ http://localhost:3099/_next/static/chunks/node_modules_next_dist_617d3e51._.js:1053
[   56553ms] [LOG] [HMR] connected @ http://localhost:3099/_next/static/chunks/node_modules_next_dist_617d3e51._.js:1053
[   56613ms] [ERROR] Failed to load resource: the server responded with a status of 401 (Unauthorized) @ http://localhost:3099/api/auth/me:0
[   65839ms] [LOG] [Fast Refresh] rebuilding @ http://localhost:3099/_next/static/chunks/node_modules_next_dist_617d3e51._.js:1053
[   65916ms] [WARNING] [Fast Refresh] performing full reload

Fast Refresh will perform a full reload when you edit a file that's imported by modules outside of the React rendering tree.
You might have a file which exports a React component but also exports a value that is imported by a non-React component file.
Consider migrating the non-React component export to a separate file and importing it into both files.

It is also possible the parent component of the component you edited is a class component, which disables Fast Refresh.
Fast Refresh requires at least one parent function component in your React tree. @ http://localhost:3099/_next/static/chunks/node_modules_next_dist_617d3e51._.js:1053
[   66472ms] [LOG] [Fast Refresh] done in 718ms @ http://localhost:3099/_next/static/chunks/node_modules_next_dist_617d3e51._.js:1053
[   66474ms] [ERROR] Failed to load resource: the server responded with a status of 404 (Not Found) @ http://localhost:3099/zz-webgl-check?_rsc=1jy22:0
[   66496ms] [ERROR] Failed to load resource: the server responded with a status of 404 (Not Found) @ http://localhost:3099/zz-webgl-check:0
[   66588ms] [INFO] %cDownload the React DevTools for a better development experience: https://react.dev/link/react-devtools font-weight:bold @ http://localhost:3099/_next/static/chunks/node_modules_next_dist_617d3e51._.js:1053
[   66608ms] [LOG] [HMR] connected @ http://localhost:3099/_next/static/chunks/node_modules_next_dist_617d3e51._.js:1053
[   66750ms] [LOG] [Fast Refresh] rebuilding @ http://localhost:3099/_next/static/chunks/node_modules_next_dist_617d3e51._.js:1053
[   66812ms] [LOG] [Fast Refresh] done in 163ms @ http://localhost:3099/_next/static/chunks/node_modules_next_dist_617d3e51._.js:1053
[   66815ms] [ERROR] Failed to load resource: the server responded with a status of 401 (Unauthorized) @ http://localhost:3099/api/auth/me:0
