[     124ms] [LOG] [Fast Refresh] rebuilding @ http://localhost:3099/_next/static/chunks/node_modules_next_dist_617d3e51._.js:1053
[     307ms] [LOG] [Fast Refresh] done in 283ms @ http://localhost:3099/_next/static/chunks/node_modules_next_dist_617d3e51._.js:1053
[    2181ms] [INFO] %cDownload the React DevTools for a better development experience: https://react.dev/link/react-devtools font-weight:bold @ http://localhost:3099/_next/static/chunks/node_modules_next_dist_617d3e51._.js:1053
[    2208ms] [LOG] [HMR] connected @ http://localhost:3099/_next/static/chunks/node_modules_next_dist_617d3e51._.js:1053
[    2284ms] [ERROR] Failed to load resource: the server responded with a status of 401 (Unauthorized) @ http://localhost:3099/api/auth/me:0
[    2393ms] [INFO] Loading the image 'http://localhost:3005/api/files/printer-photos/rqNMmFVLsvNa2Wwe57uMH.png?exp=1784073600&sig=NIBNHF8U2uSnKfFqfMkP3wNgmEOECMCVnYgNhsbgk0o' violates the following Content Security Policy directive: "img-src 'self' data: blob: https:". The policy is report-only, so the violation has been logged but no further action has been taken. @ http://localhost:3099/manufacturer/profile:0
[    2394ms] [INFO] Loading the image 'http://localhost:3005/api/files/printer-photos/RgDmVTeJOMPMuzmr7yFuX.png?exp=1784073600&sig=0WWCPWOojJKrHuJp7MUd2RlVgTLDaQes7gxm5IgrtNU' violates the following Content Security Policy directive: "img-src 'self' data: blob: https:". The policy is report-only, so the violation has been logged but no further action has been taken. @ http://localhost:3099/manufacturer/profile:0
[    2394ms] [INFO] Loading the image 'http://localhost:3005/api/files/printer-photos/seed-60.png?exp=1784073600&sig=IMeRUe0bDwvLeMv90dBsPXcgkw5_qkq6iA8jNHRluWQ' violates the following Content Security Policy directive: "img-src 'self' data: blob: https:". The policy is report-only, so the violation has been logged but no further action has been taken. @ http://localhost:3099/manufacturer/profile:0
[    2394ms] [INFO] Loading the image 'http://localhost:3005/api/files/printer-photos/seed-200.png?exp=1784073600&sig=XASigwcA7_9ukW7eNGKTuXj75tS48n7yF0t_cojp0Fw' violates the following Content Security Policy directive: "img-src 'self' data: blob: https:". The policy is report-only, so the violation has been logged but no further action has been taken. @ http://localhost:3099/manufacturer/profile:0
[    2397ms] [ERROR] Failed to load resource: net::ERR_CONNECTION_REFUSED @ http://localhost:3005/api/files/printer-photos/rqNMmFVLsvNa2Wwe57uMH.png?exp=1784073600&sig=NIBNHF8U2uSnKfFqfMkP3wNgmEOECMCVnYgNhsbgk0o:0
[    2397ms] [ERROR] Failed to load resource: net::ERR_CONNECTION_REFUSED @ http://localhost:3005/api/files/printer-photos/RgDmVTeJOMPMuzmr7yFuX.png?exp=1784073600&sig=0WWCPWOojJKrHuJp7MUd2RlVgTLDaQes7gxm5IgrtNU:0
[    2397ms] [ERROR] Failed to load resource: net::ERR_CONNECTION_REFUSED @ http://localhost:3005/api/files/printer-photos/seed-60.png?exp=1784073600&sig=IMeRUe0bDwvLeMv90dBsPXcgkw5_qkq6iA8jNHRluWQ:0
[    2397ms] [ERROR] Failed to load resource: net::ERR_CONNECTION_REFUSED @ http://localhost:3005/api/files/printer-photos/seed-200.png?exp=1784073600&sig=XASigwcA7_9ukW7eNGKTuXj75tS48n7yF0t_cojp0Fw:0
[  100563ms] [LOG] [Fast Refresh] rebuilding @ http://localhost:3099/_next/static/chunks/node_modules_next_dist_617d3e51._.js:1053
[  100762ms] [LOG] [Fast Refresh] done in 300ms @ http://localhost:3099/_next/static/chunks/node_modules_next_dist_617d3e51._.js:1053
[  100972ms] [INFO] %cDownload the React DevTools for a better development experience: https://react.dev/link/react-devtools font-weight:bold @ http://localhost:3099/_next/static/chunks/node_modules_next_dist_617d3e51._.js:1053
[  100991ms] [LOG] [HMR] connected @ http://localhost:3099/_next/static/chunks/node_modules_next_dist_617d3e51._.js:1053
[  101038ms] [ERROR] Failed to load resource: the server responded with a status of 401 (Unauthorized) @ http://localhost:3099/api/manufacturer/auth/me:0
[  101046ms] [ERROR] Failed to load resource: the server responded with a status of 401 (Unauthorized) @ http://localhost:3099/api/auth/me:0
[  101154ms] [VERBOSE] [DOM] Input elements should have autocomplete attributes (suggested: "current-password"): (More info: https://goo.gl/9p2vKq) %o @ http://localhost:3099/manufacturer/login:0
[  104661ms] [LOG] [Fast Refresh] rebuilding @ http://localhost:3099/_next/static/chunks/node_modules_next_dist_617d3e51._.js:1053
[  104670ms] [LOG] [Fast Refresh] done in 109ms @ http://localhost:3099/_next/static/chunks/node_modules_next_dist_617d3e51._.js:1053
